stm32f0xx_it.c:77:6:NMI_Handler	0	static
stm32f0xx_it.c:92:6:HardFault_Handler	0	static
stm32f0xx_it.c:107:6:SVC_Handler	0	static
stm32f0xx_it.c:120:6:PendSV_Handler	0	static
stm32f0xx_it.c:133:6:SysTick_Handler	8	static
stm32f0xx_it.c:154:6:EXTI4_15_IRQHandler	8	static
stm32f0xx_it.c:170:6:TIM6_IRQHandler	8	static
stm32f0xx_it.c:184:6:TIM7_IRQHandler	8	static
stm32f0xx_it.c:198:6:TIM14_IRQHandler	8	static
stm32f0xx_it.c:213:6:TIM15_IRQHandler	8	static
stm32f0xx_it.c:227:6:USART1_IRQHandler	8	static
stm32f0xx_it.c:241:6:USART2_IRQHandler	8	static
